{
  "version": "1.5.0",
  "plugins_used": [
    {
      "name": "ArtifactoryDetector"
    },
    {
      "name": "AWSKeyDetector"
    },
    {
      "name": "AzureStorageKeyDetector"
    },
    {
      "name": "Base64HighEntropyString",
      "limit": 4.5
    },
    {
      "name": "BasicAuthDetector"
    },
    {
      "name": "CloudantDetector"
    },
    {
      "name": "DiscordBotTokenDetector"
    },
    {
      "name": "GitHubTokenDetector"
    },
    {
      "name": "GitLabTokenDetector"
    },
    {
      "name": "HexHighEntropyString",
      "limit": 3.0
    },
    {
      "name": "IbmCloudIamDetector"
    },
    {
      "name": "IbmCosHmacDetector"
    },
    {
      "name": "IPPublicDetector"
    },
    {
      "name": "JwtTokenDetector"
    },
    {
      "name": "KeywordDetector",
      "keyword_exclude": ""
    },
    {
      "name": "MailchimpDetector"
    },
    {
      "name": "NpmDetector"
    },
    {
      "name": "OpenAIDetector"
    },
    {
      "name": "PrivateKeyDetector"
    },
    {
      "name": "PypiTokenDetector"
    },
    {
      "name": "SendGridDetector"
    },
    {
      "name": "SlackDetector"
    },
    {
      "name": "SoftlayerDetector"
    },
    {
      "name": "SquareOAuthDetector"
    },
    {
      "name": "StripeDetector"
    },
    {
      "name": "TelegramBotTokenDetector"
    },
    {
      "name": "TwilioKeyDetector"
    }
  ],
  "filters_used": [
    {
      "path": "detect_secrets.filters.allowlist.is_line_allowlisted"
    },
    {
      "path": "detect_secrets.filters.common.is_ignored_due_to_verification_policies",
      "min_level": 2
    },
    {
      "path": "detect_secrets.filters.heuristic.is_indirect_reference"
    },
    {
      "path": "detect_secrets.filters.heuristic.is_likely_id_string"
    },
    {
      "path": "detect_secrets.filters.heuristic.is_lock_file"
    },
    {
      "path": "detect_secrets.filters.heuristic.is_not_alphanumeric_string"
    },
    {
      "path": "detect_secrets.filters.heuristic.is_potential_uuid"
    },
    {
      "path": "detect_secrets.filters.heuristic.is_prefixed_with_dollar_sign"
    },
    {
      "path": "detect_secrets.filters.heuristic.is_sequential_string"
    },
    {
      "path": "detect_secrets.filters.heuristic.is_swagger_file"
    },
    {
      "path": "detect_secrets.filters.heuristic.is_templated_secret"
    }
  ],
  "results": {
    ".envs\\.local\\.django": [
      {
        "type": "Secret Keyword",
        "filename": ".envs\\.local\\.django",
        "hashed_secret": "21672328ab5c939c8a4324d118b264d9f34b0439",
        "is_verified": false,
        "line_number": 12
      },
      {
        "type": "Secret Keyword",
        "filename": ".envs\\.local\\.django",
        "hashed_secret": "72cb70dbbafe97e5ea13ad88acd65d08389439b0",
        "is_verified": false,
        "line_number": 23
      }
    ],
    ".envs\\.local\\.postgres": [
      {
        "type": "Secret Keyword",
        "filename": ".envs\\.local\\.postgres",
        "hashed_secret": "21672328ab5c939c8a4324d118b264d9f34b0439",
        "is_verified": false,
        "line_number": 6
      }
    ],
    "fixtures\\sample_data\\accounts\\user_account.json": [
      {
        "type": "Secret Keyword",
        "filename": "fixtures\\sample_data\\accounts\\user_account.json",
        "hashed_secret": "20a34b4cffffe6348ebb06efb8b104c960d8faea",
        "is_verified": false,
        "line_number": 7
      },
      {
        "type": "Secret Keyword",
        "filename": "fixtures\\sample_data\\accounts\\user_account.json",
        "hashed_secret": "2b17e8c1395d207ce6da5c4312fc08825296ea73",
        "is_verified": false,
        "line_number": 18
      },
      {
        "type": "Secret Keyword",
        "filename": "fixtures\\sample_data\\accounts\\user_account.json",
        "hashed_secret": "72b2cc567b30aa152384caff7e522cc86ae5e94a",
        "is_verified": false,
        "line_number": 29
      },
      {
        "type": "Secret Keyword",
        "filename": "fixtures\\sample_data\\accounts\\user_account.json",
        "hashed_secret": "9f3244101215fb7e0a888ee1b87d5cb61c4b5189",
        "is_verified": false,
        "line_number": 40
      },
      {
        "type": "Secret Keyword",
        "filename": "fixtures\\sample_data\\accounts\\user_account.json",
        "hashed_secret": "b78f59d78d91fb24b9fd8d99eb4f32ac822144fb",
        "is_verified": false,
        "line_number": 51
      },
      {
        "type": "Secret Keyword",
        "filename": "fixtures\\sample_data\\accounts\\user_account.json",
        "hashed_secret": "c81f4967391cbd5005fd9da834d883676b3e5ba0",
        "is_verified": false,
        "line_number": 62
      },
      {
        "type": "Secret Keyword",
        "filename": "fixtures\\sample_data\\accounts\\user_account.json",
        "hashed_secret": "1eae4815e7eb341770b3f173ce2c8eab1fed6756",
        "is_verified": false,
        "line_number": 73
      },
      {
        "type": "Secret Keyword",
        "filename": "fixtures\\sample_data\\accounts\\user_account.json",
        "hashed_secret": "4d7400cc545d8d0dcea11bd465e1f36912f69a23",
        "is_verified": false,
        "line_number": 84
      },
      {
        "type": "Secret Keyword",
        "filename": "fixtures\\sample_data\\accounts\\user_account.json",
        "hashed_secret": "6b9ceba2e367cb006759399248dcf4057bf1464c",
        "is_verified": false,
        "line_number": 95
      },
      {
        "type": "Secret Keyword",
        "filename": "fixtures\\sample_data\\accounts\\user_account.json",
        "hashed_secret": "af7c36ec3247c4525556f4b2941551087ef3d836",
        "is_verified": false,
        "line_number": 106
      },
      {
        "type": "Secret Keyword",
        "filename": "fixtures\\sample_data\\accounts\\user_account.json",
        "hashed_secret": "7cbd8d7e7a64d8a83702d9214a0a82057bf5b29e",
        "is_verified": false,
        "line_number": 117
      },
      {
        "type": "Secret Keyword",
        "filename": "fixtures\\sample_data\\accounts\\user_account.json",
        "hashed_secret": "5add7d522520fb7ea40af6e69377f5d7a2f4e7a8",
        "is_verified": false,
        "line_number": 128
      },
      {
        "type": "Secret Keyword",
        "filename": "fixtures\\sample_data\\accounts\\user_account.json",
        "hashed_secret": "bf546bf8f5963702e8a4ed3efd25f9a14cbb5737",
        "is_verified": false,
        "line_number": 139
      },
      {
        "type": "Secret Keyword",
        "filename": "fixtures\\sample_data\\accounts\\user_account.json",
        "hashed_secret": "b501c5e1a993916f1626dc89ef4d2b6275054afe",
        "is_verified": false,
        "line_number": 150
      },
      {
        "type": "Secret Keyword",
        "filename": "fixtures\\sample_data\\accounts\\user_account.json",
        "hashed_secret": "404164448e939bc23497e0751006fa8c976ac567",
        "is_verified": false,
        "line_number": 161
      },
      {
        "type": "Secret Keyword",
        "filename": "fixtures\\sample_data\\accounts\\user_account.json",
        "hashed_secret": "f028b22a5af5949667b5b866f4aaec624a52d8db",
        "is_verified": false,
        "line_number": 172
      },
      {
        "type": "Secret Keyword",
        "filename": "fixtures\\sample_data\\accounts\\user_account.json",
        "hashed_secret": "d6d1c6ba60f089f553e738603a50e3362f686ace",
        "is_verified": false,
        "line_number": 183
      },
      {
        "type": "Secret Keyword",
        "filename": "fixtures\\sample_data\\accounts\\user_account.json",
        "hashed_secret": "abc3cd16384e6687af4dee6d08ed11bbce4bc460",
        "is_verified": false,
        "line_number": 194
      }
    ]
  },
  "generated_at": "2026-08-25T13:28:02Z"
}
